

================================================================
== Vitis HLS Report for 'softmax_stable_ap_fixed_ap_fixed_16_6_5_3_0_softmax_config10_s'
================================================================
* Date:           Sun Sep 15 05:09:17 2024

* Version:        2022.1 (Build 3526262 on Mon Apr 18 15:47:01 MDT 2022)
* Project:        myproject_prj
* Solution:       solution1 (Vivado IP Flow Target)
* Product family: zynq
* Target device:  xc7z007s-clg225-2


================================================================
== Performance Estimates
================================================================
+ Timing: 
    * Summary: 
    +--------+---------+----------+------------+
    |  Clock |  Target | Estimated| Uncertainty|
    +--------+---------+----------+------------+
    |ap_clk  |  3.33 ns|  3.236 ns|     0.42 ns|
    +--------+---------+----------+------------+

+ Latency: 
    * Summary: 
    +---------+---------+-----------+-----------+-----+-----+---------+
    |  Latency (cycles) |   Latency (absolute)  |  Interval | Pipeline|
    |   min   |   max   |    min    |    max    | min | max |   Type  |
    +---------+---------+-----------+-----------+-----+-----+---------+
    |       25|       25|  83.250 ns|  83.250 ns|    1|    1|      yes|
    +---------+---------+-----------+-----------+-----+-----+---------+

    + Detail: 
        * Instance: 
        N/A

        * Loop: 
        N/A



================================================================
== Utilization Estimates
================================================================
* Summary: 
+-----------------+---------+----+-------+-------+-----+
|       Name      | BRAM_18K| DSP|   FF  |  LUT  | URAM|
+-----------------+---------+----+-------+-------+-----+
|DSP              |        -|  39|      -|      -|    -|
|Expression       |        -|   -|      0|   3274|    -|
|FIFO             |        -|   -|      -|      -|    -|
|Instance         |        -|   -|      -|      -|    -|
|Memory           |       39|   -|      0|      0|    -|
|Multiplexer      |        -|   -|      -|      -|    -|
|Register         |        -|   -|   9638|   3040|    -|
+-----------------+---------+----+-------+-------+-----+
|Total            |       39|  39|   9638|   6314|    0|
+-----------------+---------+----+-------+-------+-----+
|Available        |      100|  66|  28800|  14400|    0|
+-----------------+---------+----+-------+-------+-----+
|Utilization (%)  |       39|  59|     33|     43|    0|
+-----------------+---------+----+-------+-------+-----+

+ Detail: 
    * Instance: 
    N/A

    * DSP: 
    +-----------------------------+------------------------+-----------+
    |           Instance          |         Module         | Expression|
    +-----------------------------+------------------------+-----------+
    |mul_mul_18s_18s_30_4_1_U274  |mul_mul_18s_18s_30_4_1  |    i0 * i1|
    |mul_mul_18s_18s_30_4_1_U275  |mul_mul_18s_18s_30_4_1  |    i0 * i1|
    |mul_mul_18s_18s_30_4_1_U276  |mul_mul_18s_18s_30_4_1  |    i0 * i1|
    |mul_mul_18s_18s_30_4_1_U277  |mul_mul_18s_18s_30_4_1  |    i0 * i1|
    |mul_mul_18s_18s_30_4_1_U278  |mul_mul_18s_18s_30_4_1  |    i0 * i1|
    |mul_mul_18s_18s_30_4_1_U279  |mul_mul_18s_18s_30_4_1  |    i0 * i1|
    |mul_mul_18s_18s_30_4_1_U280  |mul_mul_18s_18s_30_4_1  |    i0 * i1|
    |mul_mul_18s_18s_30_4_1_U281  |mul_mul_18s_18s_30_4_1  |    i0 * i1|
    |mul_mul_18s_18s_30_4_1_U282  |mul_mul_18s_18s_30_4_1  |    i0 * i1|
    |mul_mul_18s_18s_30_4_1_U283  |mul_mul_18s_18s_30_4_1  |    i0 * i1|
    |mul_mul_18s_18s_30_4_1_U284  |mul_mul_18s_18s_30_4_1  |    i0 * i1|
    |mul_mul_18s_18s_30_4_1_U285  |mul_mul_18s_18s_30_4_1  |    i0 * i1|
    |mul_mul_18s_18s_30_4_1_U286  |mul_mul_18s_18s_30_4_1  |    i0 * i1|
    |mul_mul_18s_18s_30_4_1_U287  |mul_mul_18s_18s_30_4_1  |    i0 * i1|
    |mul_mul_18s_18s_30_4_1_U288  |mul_mul_18s_18s_30_4_1  |    i0 * i1|
    |mul_mul_18s_18s_30_4_1_U289  |mul_mul_18s_18s_30_4_1  |    i0 * i1|
    |mul_mul_18s_18s_30_4_1_U290  |mul_mul_18s_18s_30_4_1  |    i0 * i1|
    |mul_mul_18s_18s_30_4_1_U291  |mul_mul_18s_18s_30_4_1  |    i0 * i1|
    |mul_mul_18s_18s_30_4_1_U292  |mul_mul_18s_18s_30_4_1  |    i0 * i1|
    |mul_mul_18s_18s_30_4_1_U293  |mul_mul_18s_18s_30_4_1  |    i0 * i1|
    |mul_mul_18s_18s_30_4_1_U294  |mul_mul_18s_18s_30_4_1  |    i0 * i1|
    |mul_mul_18s_18s_30_4_1_U295  |mul_mul_18s_18s_30_4_1  |    i0 * i1|
    |mul_mul_18s_18s_30_4_1_U296  |mul_mul_18s_18s_30_4_1  |    i0 * i1|
    |mul_mul_18s_18s_30_4_1_U297  |mul_mul_18s_18s_30_4_1  |    i0 * i1|
    |mul_mul_18s_18s_30_4_1_U298  |mul_mul_18s_18s_30_4_1  |    i0 * i1|
    |mul_mul_18s_18s_30_4_1_U299  |mul_mul_18s_18s_30_4_1  |    i0 * i1|
    |mul_mul_18s_18s_30_4_1_U300  |mul_mul_18s_18s_30_4_1  |    i0 * i1|
    |mul_mul_18s_18s_30_4_1_U301  |mul_mul_18s_18s_30_4_1  |    i0 * i1|
    |mul_mul_18s_18s_30_4_1_U302  |mul_mul_18s_18s_30_4_1  |    i0 * i1|
    |mul_mul_18s_18s_30_4_1_U303  |mul_mul_18s_18s_30_4_1  |    i0 * i1|
    |mul_mul_18s_18s_30_4_1_U304  |mul_mul_18s_18s_30_4_1  |    i0 * i1|
    |mul_mul_18s_18s_30_4_1_U305  |mul_mul_18s_18s_30_4_1  |    i0 * i1|
    |mul_mul_18s_18s_30_4_1_U306  |mul_mul_18s_18s_30_4_1  |    i0 * i1|
    |mul_mul_18s_18s_30_4_1_U307  |mul_mul_18s_18s_30_4_1  |    i0 * i1|
    |mul_mul_18s_18s_30_4_1_U308  |mul_mul_18s_18s_30_4_1  |    i0 * i1|
    |mul_mul_18s_18s_30_4_1_U309  |mul_mul_18s_18s_30_4_1  |    i0 * i1|
    |mul_mul_18s_18s_30_4_1_U310  |mul_mul_18s_18s_30_4_1  |    i0 * i1|
    |mul_mul_18s_18s_30_4_1_U311  |mul_mul_18s_18s_30_4_1  |    i0 * i1|
    |mul_mul_18s_18s_30_4_1_U312  |mul_mul_18s_18s_30_4_1  |    i0 * i1|
    +-----------------------------+------------------------+-----------+

    * Memory: 
    +----------------+----------------------------------------------------------------------------------+---------+---+----+-----+------+-----+------+-------------+
    |     Memory     |                                      Module                                      | BRAM_18K| FF| LUT| URAM| Words| Bits| Banks| W*Bits*Banks|
    +----------------+----------------------------------------------------------------------------------+---------+---+----+-----+------+-----+------+-------------+
    |exp_table_U     |softmax_stable_ap_fixed_ap_fixed_16_6_5_3_0_softmax_config10_s_exp_table_ROM_bkb  |       38|  0|   0|    0|  1024|   18|     1|        18432|
    |invert_table_U  |softmax_stable_ap_fixed_ap_fixed_16_6_5_3_0_softmax_config10_s_invert_table_Rcud  |        1|  0|   0|    0|  1024|   18|     1|        18432|
    +----------------+----------------------------------------------------------------------------------+---------+---+----+-----+------+-----+------+-------------+
    |Total           |                                                                                  |       39|  0|   0|    0|  2048|   36|     2|        36864|
    +----------------+----------------------------------------------------------------------------------+---------+---+----+-----+------+-----+------+-------------+

    * FIFO: 
    N/A

    * Expression: 
    +----------------------------+----------+----+---+----+------------+------------+
    |        Variable Name       | Operation| DSP| FF| LUT| Bitwidth P0| Bitwidth P1|
    +----------------------------+----------+----+---+----+------------+------------+
    |add_ln447_10_fu_4384_p2     |         +|   0|  0|  18|          18|          18|
    |add_ln447_11_fu_4434_p2     |         +|   0|  0|  18|          18|          18|
    |add_ln447_12_fu_4389_p2     |         +|   0|  0|  18|          18|          18|
    |add_ln447_13_fu_4310_p2     |         +|   0|  0|  18|          18|          18|
    |add_ln447_14_fu_4314_p2     |         +|   0|  0|  18|          18|          18|
    |add_ln447_15_fu_4393_p2     |         +|   0|  0|  18|          18|          18|
    |add_ln447_16_fu_4438_p2     |         +|   0|  0|  18|          18|          18|
    |add_ln447_17_fu_4452_p2     |         +|   0|  0|  18|          18|          18|
    |add_ln447_18_fu_4398_p2     |         +|   0|  0|  18|          18|          18|
    |add_ln447_19_fu_4319_p2     |         +|   0|  0|  18|          18|          18|
    |add_ln447_1_fu_4363_p2      |         +|   0|  0|  18|          18|          18|
    |add_ln447_20_fu_4323_p2     |         +|   0|  0|  18|          18|          18|
    |add_ln447_21_fu_4402_p2     |         +|   0|  0|  18|          18|          18|
    |add_ln447_22_fu_4407_p2     |         +|   0|  0|  18|          18|          18|
    |add_ln447_23_fu_4328_p2     |         +|   0|  0|  18|          18|          18|
    |add_ln447_24_fu_4332_p2     |         +|   0|  0|  18|          18|          18|
    |add_ln447_25_fu_4411_p2     |         +|   0|  0|  18|          18|          18|
    |add_ln447_26_fu_4443_p2     |         +|   0|  0|  18|          18|          18|
    |add_ln447_27_fu_4337_p2     |         +|   0|  0|  18|          18|          18|
    |add_ln447_28_fu_4341_p2     |         +|   0|  0|  18|          18|          18|
    |add_ln447_29_fu_4345_p2     |         +|   0|  0|  18|          18|          18|
    |add_ln447_2_fu_4425_p2      |         +|   0|  0|  18|          18|          18|
    |add_ln447_30_fu_4416_p2     |         +|   0|  0|  18|          18|          18|
    |add_ln447_31_fu_4350_p2     |         +|   0|  0|  18|          18|          18|
    |add_ln447_32_fu_4292_p2     |         +|   0|  0|  18|          18|          18|
    |add_ln447_33_fu_4296_p2     |         +|   0|  0|  18|          18|          18|
    |add_ln447_34_fu_4354_p2     |         +|   0|  0|  18|          18|          18|
    |add_ln447_35_fu_4420_p2     |         +|   0|  0|  18|          18|          18|
    |add_ln447_36_fu_4447_p2     |         +|   0|  0|  18|          18|          18|
    |add_ln447_3_fu_4367_p2      |         +|   0|  0|  18|          18|          18|
    |add_ln447_4_fu_4301_p2      |         +|   0|  0|  18|          18|          18|
    |add_ln447_5_fu_4305_p2      |         +|   0|  0|  18|          18|          18|
    |add_ln447_6_fu_4371_p2      |         +|   0|  0|  18|          18|          18|
    |add_ln447_7_fu_4429_p2      |         +|   0|  0|  18|          18|          18|
    |add_ln447_8_fu_4376_p2      |         +|   0|  0|  18|          18|          18|
    |add_ln447_9_fu_4380_p2      |         +|   0|  0|  18|          18|          18|
    |add_ln447_fu_4359_p2        |         +|   0|  0|  18|          18|          18|
    |exp_sum_V_fu_4456_p2        |         +|   0|  0|  18|          18|          18|
    |ret_V_10_fu_1878_p2         |         -|   0|  0|  17|          17|          17|
    |ret_V_11_fu_1921_p2         |         -|   0|  0|  17|          17|          17|
    |ret_V_12_fu_1964_p2         |         -|   0|  0|  17|          17|          17|
    |ret_V_13_fu_2007_p2         |         -|   0|  0|  17|          17|          17|
    |ret_V_14_fu_2050_p2         |         -|   0|  0|  17|          17|          17|
    |ret_V_15_fu_2093_p2         |         -|   0|  0|  17|          17|          17|
    |ret_V_16_fu_2136_p2         |         -|   0|  0|  17|          17|          17|
    |ret_V_17_fu_2179_p2         |         -|   0|  0|  17|          17|          17|
    |ret_V_18_fu_2222_p2         |         -|   0|  0|  17|          17|          17|
    |ret_V_19_fu_2265_p2         |         -|   0|  0|  17|          17|          17|
    |ret_V_1_fu_1491_p2          |         -|   0|  0|  17|          17|          17|
    |ret_V_20_fu_2308_p2         |         -|   0|  0|  17|          17|          17|
    |ret_V_21_fu_2351_p2         |         -|   0|  0|  17|          17|          17|
    |ret_V_22_fu_2394_p2         |         -|   0|  0|  17|          17|          17|
    |ret_V_23_fu_2437_p2         |         -|   0|  0|  17|          17|          17|
    |ret_V_24_fu_2480_p2         |         -|   0|  0|  17|          17|          17|
    |ret_V_25_fu_2523_p2         |         -|   0|  0|  17|          17|          17|
    |ret_V_26_fu_2566_p2         |         -|   0|  0|  17|          17|          17|
    |ret_V_27_fu_2609_p2         |         -|   0|  0|  17|          17|          17|
    |ret_V_28_fu_2652_p2         |         -|   0|  0|  17|          17|          17|
    |ret_V_29_fu_2695_p2         |         -|   0|  0|  17|          17|          17|
    |ret_V_2_fu_1534_p2          |         -|   0|  0|  17|          17|          17|
    |ret_V_30_fu_2738_p2         |         -|   0|  0|  17|          17|          17|
    |ret_V_31_fu_2781_p2         |         -|   0|  0|  17|          17|          17|
    |ret_V_32_fu_2824_p2         |         -|   0|  0|  17|          17|          17|
    |ret_V_33_fu_2867_p2         |         -|   0|  0|  17|          17|          17|
    |ret_V_34_fu_2910_p2         |         -|   0|  0|  17|          17|          17|
    |ret_V_35_fu_2953_p2         |         -|   0|  0|  17|          17|          17|
    |ret_V_36_fu_2996_p2         |         -|   0|  0|  17|          17|          17|
    |ret_V_37_fu_3039_p2         |         -|   0|  0|  17|          17|          17|
    |ret_V_38_fu_3082_p2         |         -|   0|  0|  17|          17|          17|
    |ret_V_3_fu_1577_p2          |         -|   0|  0|  17|          17|          17|
    |ret_V_4_fu_1620_p2          |         -|   0|  0|  17|          17|          17|
    |ret_V_5_fu_1663_p2          |         -|   0|  0|  17|          17|          17|
    |ret_V_6_fu_1706_p2          |         -|   0|  0|  17|          17|          17|
    |ret_V_7_fu_1749_p2          |         -|   0|  0|  17|          17|          17|
    |ret_V_8_fu_1792_p2          |         -|   0|  0|  17|          17|          17|
    |ret_V_9_fu_1835_p2          |         -|   0|  0|  17|          17|          17|
    |ret_V_fu_1448_p2            |         -|   0|  0|  17|          17|          17|
    |overflow_10_fu_1906_p2      |       and|   0|  0|   1|           1|           1|
    |overflow_11_fu_1949_p2      |       and|   0|  0|   1|           1|           1|
    |overflow_12_fu_1992_p2      |       and|   0|  0|   1|           1|           1|
    |overflow_13_fu_2035_p2      |       and|   0|  0|   1|           1|           1|
    |overflow_14_fu_2078_p2      |       and|   0|  0|   1|           1|           1|
    |overflow_15_fu_2121_p2      |       and|   0|  0|   1|           1|           1|
    |overflow_16_fu_2164_p2      |       and|   0|  0|   1|           1|           1|
    |overflow_17_fu_2207_p2      |       and|   0|  0|   1|           1|           1|
    |overflow_18_fu_2250_p2      |       and|   0|  0|   1|           1|           1|
    |overflow_19_fu_2293_p2      |       and|   0|  0|   1|           1|           1|
    |overflow_1_fu_1519_p2       |       and|   0|  0|   1|           1|           1|
    |overflow_20_fu_2336_p2      |       and|   0|  0|   1|           1|           1|
    |overflow_21_fu_2379_p2      |       and|   0|  0|   1|           1|           1|
    |overflow_22_fu_2422_p2      |       and|   0|  0|   1|           1|           1|
    |overflow_23_fu_2465_p2      |       and|   0|  0|   1|           1|           1|
    |overflow_24_fu_2508_p2      |       and|   0|  0|   1|           1|           1|
    |overflow_25_fu_2551_p2      |       and|   0|  0|   1|           1|           1|
    |overflow_26_fu_2594_p2      |       and|   0|  0|   1|           1|           1|
    |overflow_27_fu_2637_p2      |       and|   0|  0|   1|           1|           1|
    |overflow_28_fu_2680_p2      |       and|   0|  0|   1|           1|           1|
    |overflow_29_fu_2723_p2      |       and|   0|  0|   1|           1|           1|
    |overflow_2_fu_1562_p2       |       and|   0|  0|   1|           1|           1|
    |overflow_30_fu_2766_p2      |       and|   0|  0|   1|           1|           1|
    |overflow_31_fu_2809_p2      |       and|   0|  0|   1|           1|           1|
    |overflow_32_fu_2852_p2      |       and|   0|  0|   1|           1|           1|
    |overflow_33_fu_2895_p2      |       and|   0|  0|   1|           1|           1|
    |overflow_34_fu_2938_p2      |       and|   0|  0|   1|           1|           1|
    |overflow_35_fu_2981_p2      |       and|   0|  0|   1|           1|           1|
    |overflow_36_fu_3024_p2      |       and|   0|  0|   1|           1|           1|
    |overflow_37_fu_3067_p2      |       and|   0|  0|   1|           1|           1|
    |overflow_38_fu_3110_p2      |       and|   0|  0|   1|           1|           1|
    |overflow_3_fu_1605_p2       |       and|   0|  0|   1|           1|           1|
    |overflow_4_fu_1648_p2       |       and|   0|  0|   1|           1|           1|
    |overflow_5_fu_1691_p2       |       and|   0|  0|   1|           1|           1|
    |overflow_6_fu_1734_p2       |       and|   0|  0|   1|           1|           1|
    |overflow_7_fu_1777_p2       |       and|   0|  0|   1|           1|           1|
    |overflow_8_fu_1820_p2       |       and|   0|  0|   1|           1|           1|
    |overflow_9_fu_1863_p2       |       and|   0|  0|   1|           1|           1|
    |overflow_fu_1476_p2         |       and|   0|  0|   1|           1|           1|
    |icmp_ln1697_10_fu_876_p2    |      icmp|   0|  0|   7|          16|          16|
    |icmp_ln1697_11_fu_882_p2    |      icmp|   0|  0|   7|          16|          16|
    |icmp_ln1697_12_fu_1124_p2   |      icmp|   0|  0|   7|          16|          16|
    |icmp_ln1697_13_fu_1236_p2   |      icmp|   0|  0|   7|          16|          16|
    |icmp_ln1697_14_fu_1337_p2   |      icmp|   0|  0|   7|          16|          16|
    |icmp_ln1697_15_fu_888_p2    |      icmp|   0|  0|   7|          16|          16|
    |icmp_ln1697_16_fu_894_p2    |      icmp|   0|  0|   7|          16|          16|
    |icmp_ln1697_17_fu_1128_p2   |      icmp|   0|  0|   7|          16|          16|
    |icmp_ln1697_18_fu_900_p2    |      icmp|   0|  0|   7|          16|          16|
    |icmp_ln1697_19_fu_906_p2    |      icmp|   0|  0|   7|          16|          16|
    |icmp_ln1697_1_fu_846_p2     |      icmp|   0|  0|   7|          16|          16|
    |icmp_ln1697_20_fu_1132_p2   |      icmp|   0|  0|   7|          16|          16|
    |icmp_ln1697_21_fu_1240_p2   |      icmp|   0|  0|   7|          16|          16|
    |icmp_ln1697_22_fu_912_p2    |      icmp|   0|  0|   7|          16|          16|
    |icmp_ln1697_23_fu_918_p2    |      icmp|   0|  0|   7|          16|          16|
    |icmp_ln1697_24_fu_1136_p2   |      icmp|   0|  0|   7|          16|          16|
    |icmp_ln1697_25_fu_924_p2    |      icmp|   0|  0|   7|          16|          16|
    |icmp_ln1697_26_fu_930_p2    |      icmp|   0|  0|   7|          16|          16|
    |icmp_ln1697_27_fu_1140_p2   |      icmp|   0|  0|   7|          16|          16|
    |icmp_ln1697_28_fu_1244_p2   |      icmp|   0|  0|   7|          16|          16|
    |icmp_ln1697_29_fu_1341_p2   |      icmp|   0|  0|   7|          16|          16|
    |icmp_ln1697_2_fu_1112_p2    |      icmp|   0|  0|   7|          16|          16|
    |icmp_ln1697_30_fu_1397_p2   |      icmp|   0|  0|   7|          16|          16|
    |icmp_ln1697_31_fu_1248_p2   |      icmp|   0|  0|   7|          16|          16|
    |icmp_ln1697_32_fu_1252_p2   |      icmp|   0|  0|   7|          16|          16|
    |icmp_ln1697_33_fu_1345_p2   |      icmp|   0|  0|   7|          16|          16|
    |icmp_ln1697_34_fu_1256_p2   |      icmp|   0|  0|   7|          16|          16|
    |icmp_ln1697_35_fu_1349_p2   |      icmp|   0|  0|   7|          16|          16|
    |icmp_ln1697_36_fu_1401_p2   |      icmp|   0|  0|   7|          16|          16|
    |icmp_ln1697_37_fu_1427_p2   |      icmp|   0|  0|   7|          16|          16|
    |icmp_ln1697_3_fu_852_p2     |      icmp|   0|  0|   7|          16|          16|
    |icmp_ln1697_4_fu_858_p2     |      icmp|   0|  0|   7|          16|          16|
    |icmp_ln1697_5_fu_1116_p2    |      icmp|   0|  0|   7|          16|          16|
    |icmp_ln1697_6_fu_1232_p2    |      icmp|   0|  0|   7|          16|          16|
    |icmp_ln1697_7_fu_864_p2     |      icmp|   0|  0|   7|          16|          16|
    |icmp_ln1697_8_fu_870_p2     |      icmp|   0|  0|   7|          16|          16|
    |icmp_ln1697_9_fu_1120_p2    |      icmp|   0|  0|   7|          16|          16|
    |icmp_ln1697_fu_840_p2       |      icmp|   0|  0|   7|          16|          16|
    |p_Result_100_fu_3686_p3     |    select|   0|  0|  10|           1|          10|
    |p_Result_101_fu_3712_p3     |    select|   0|  0|  10|           1|          10|
    |p_Result_102_fu_3738_p3     |    select|   0|  0|  10|           1|          10|
    |p_Result_103_fu_3764_p3     |    select|   0|  0|  10|           1|          10|
    |p_Result_104_fu_3790_p3     |    select|   0|  0|  10|           1|          10|
    |p_Result_105_fu_3816_p3     |    select|   0|  0|  10|           1|          10|
    |p_Result_106_fu_3842_p3     |    select|   0|  0|  10|           1|          10|
    |p_Result_107_fu_3868_p3     |    select|   0|  0|  10|           1|          10|
    |p_Result_108_fu_3894_p3     |    select|   0|  0|  10|           1|          10|
    |p_Result_109_fu_3920_p3     |    select|   0|  0|  10|           1|          10|
    |p_Result_110_fu_3946_p3     |    select|   0|  0|  10|           1|          10|
    |p_Result_111_fu_3972_p3     |    select|   0|  0|  10|           1|          10|
    |p_Result_112_fu_3998_p3     |    select|   0|  0|  10|           1|          10|
    |p_Result_113_fu_4024_p3     |    select|   0|  0|  10|           1|          10|
    |p_Result_114_fu_4050_p3     |    select|   0|  0|  10|           1|          10|
    |p_Result_115_fu_4076_p3     |    select|   0|  0|  10|           1|          10|
    |p_Result_116_fu_4102_p3     |    select|   0|  0|  10|           1|          10|
    |p_Result_117_fu_4128_p3     |    select|   0|  0|  10|           1|          10|
    |p_Result_79_fu_3140_p3      |    select|   0|  0|  10|           1|          10|
    |p_Result_80_fu_3166_p3      |    select|   0|  0|  10|           1|          10|
    |p_Result_81_fu_3192_p3      |    select|   0|  0|  10|           1|          10|
    |p_Result_82_fu_3218_p3      |    select|   0|  0|  10|           1|          10|
    |p_Result_83_fu_3244_p3      |    select|   0|  0|  10|           1|          10|
    |p_Result_84_fu_3270_p3      |    select|   0|  0|  10|           1|          10|
    |p_Result_85_fu_3296_p3      |    select|   0|  0|  10|           1|          10|
    |p_Result_86_fu_3322_p3      |    select|   0|  0|  10|           1|          10|
    |p_Result_87_fu_3348_p3      |    select|   0|  0|  10|           1|          10|
    |p_Result_88_fu_3374_p3      |    select|   0|  0|  10|           1|          10|
    |p_Result_89_fu_3400_p3      |    select|   0|  0|  10|           1|          10|
    |p_Result_90_fu_3426_p3      |    select|   0|  0|  10|           1|          10|
    |p_Result_91_fu_3452_p3      |    select|   0|  0|  10|           1|          10|
    |p_Result_92_fu_3478_p3      |    select|   0|  0|  10|           1|          10|
    |p_Result_93_fu_3504_p3      |    select|   0|  0|  10|           1|          10|
    |p_Result_94_fu_3530_p3      |    select|   0|  0|  10|           1|          10|
    |p_Result_95_fu_3556_p3      |    select|   0|  0|  10|           1|          10|
    |p_Result_96_fu_3582_p3      |    select|   0|  0|  10|           1|          10|
    |p_Result_97_fu_3608_p3      |    select|   0|  0|  10|           1|          10|
    |p_Result_98_fu_3634_p3      |    select|   0|  0|  10|           1|          10|
    |p_Result_99_fu_3660_p3      |    select|   0|  0|  10|           1|          10|
    |select_ln392_10_fu_3382_p3  |    select|   0|  0|  11|           1|           9|
    |select_ln392_11_fu_3408_p3  |    select|   0|  0|  11|           1|           9|
    |select_ln392_12_fu_3434_p3  |    select|   0|  0|  11|           1|           9|
    |select_ln392_13_fu_3460_p3  |    select|   0|  0|  11|           1|           9|
    |select_ln392_14_fu_3486_p3  |    select|   0|  0|  11|           1|           9|
    |select_ln392_15_fu_3512_p3  |    select|   0|  0|  11|           1|           9|
    |select_ln392_16_fu_3538_p3  |    select|   0|  0|  11|           1|           9|
    |select_ln392_17_fu_3564_p3  |    select|   0|  0|  11|           1|           9|
    |select_ln392_18_fu_3590_p3  |    select|   0|  0|  11|           1|           9|
    |select_ln392_19_fu_3616_p3  |    select|   0|  0|  11|           1|           9|
    |select_ln392_1_fu_3148_p3   |    select|   0|  0|  11|           1|           9|
    |select_ln392_20_fu_3642_p3  |    select|   0|  0|  11|           1|           9|
    |select_ln392_21_fu_3668_p3  |    select|   0|  0|  11|           1|           9|
    |select_ln392_22_fu_3694_p3  |    select|   0|  0|  11|           1|           9|
    |select_ln392_23_fu_3720_p3  |    select|   0|  0|  11|           1|           9|
    |select_ln392_24_fu_3746_p3  |    select|   0|  0|  11|           1|           9|
    |select_ln392_25_fu_3772_p3  |    select|   0|  0|  11|           1|           9|
    |select_ln392_26_fu_3798_p3  |    select|   0|  0|  11|           1|           9|
    |select_ln392_27_fu_3824_p3  |    select|   0|  0|  11|           1|           9|
    |select_ln392_28_fu_3850_p3  |    select|   0|  0|  11|           1|           9|
    |select_ln392_29_fu_3876_p3  |    select|   0|  0|  11|           1|           9|
    |select_ln392_2_fu_3174_p3   |    select|   0|  0|  11|           1|           9|
    |select_ln392_30_fu_3902_p3  |    select|   0|  0|  11|           1|           9|
    |select_ln392_31_fu_3928_p3  |    select|   0|  0|  11|           1|           9|
    |select_ln392_32_fu_3954_p3  |    select|   0|  0|  11|           1|           9|
    |select_ln392_33_fu_3980_p3  |    select|   0|  0|  11|           1|           9|
    |select_ln392_34_fu_4006_p3  |    select|   0|  0|  11|           1|           9|
    |select_ln392_35_fu_4032_p3  |    select|   0|  0|  11|           1|           9|
    |select_ln392_36_fu_4058_p3  |    select|   0|  0|  11|           1|           9|
    |select_ln392_37_fu_4084_p3  |    select|   0|  0|  11|           1|           9|
    |select_ln392_38_fu_4110_p3  |    select|   0|  0|  11|           1|           9|
    |select_ln392_3_fu_3200_p3   |    select|   0|  0|  11|           1|           9|
    |select_ln392_4_fu_3226_p3   |    select|   0|  0|  11|           1|           9|
    |select_ln392_5_fu_3252_p3   |    select|   0|  0|  11|           1|           9|
    |select_ln392_6_fu_3278_p3   |    select|   0|  0|  11|           1|           9|
    |select_ln392_7_fu_3304_p3   |    select|   0|  0|  11|           1|           9|
    |select_ln392_8_fu_3330_p3   |    select|   0|  0|  11|           1|           9|
    |select_ln392_9_fu_3356_p3   |    select|   0|  0|  11|           1|           9|
    |select_ln392_fu_3122_p3     |    select|   0|  0|  11|           1|           9|
    |select_ln65_10_fu_1007_p3   |    select|   0|  0|  16|           1|          16|
    |select_ln65_11_fu_1018_p3   |    select|   0|  0|  16|           1|          16|
    |select_ln65_12_fu_1182_p3   |    select|   0|  0|  16|           1|          16|
    |select_ln65_13_fu_1276_p3   |    select|   0|  0|  16|           1|          16|
    |select_ln65_14_fu_1358_p3   |    select|   0|  0|  16|           1|          16|
    |select_ln65_15_fu_1029_p3   |    select|   0|  0|  16|           1|          16|
    |select_ln65_16_fu_1040_p3   |    select|   0|  0|  16|           1|          16|
    |select_ln65_17_fu_1193_p3   |    select|   0|  0|  16|           1|          16|
    |select_ln65_18_fu_1051_p3   |    select|   0|  0|  16|           1|          16|
    |select_ln65_19_fu_1062_p3   |    select|   0|  0|  16|           1|          16|
    |select_ln65_1_fu_952_p3     |    select|   0|  0|  16|           1|          16|
    |select_ln65_20_fu_1204_p3   |    select|   0|  0|  16|           1|          16|
    |select_ln65_21_fu_1287_p3   |    select|   0|  0|  16|           1|          16|
    |select_ln65_22_fu_1073_p3   |    select|   0|  0|  16|           1|          16|
    |select_ln65_23_fu_1084_p3   |    select|   0|  0|  16|           1|          16|
    |select_ln65_24_fu_1215_p3   |    select|   0|  0|  16|           1|          16|
    |select_ln65_25_fu_1095_p3   |    select|   0|  0|  16|           1|          16|
    |select_ln65_26_fu_1106_p3   |    select|   0|  0|  16|           1|          16|
    |select_ln65_27_fu_1226_p3   |    select|   0|  0|  16|           1|          16|
    |select_ln65_28_fu_1298_p3   |    select|   0|  0|  16|           1|          16|
    |select_ln65_29_fu_1369_p3   |    select|   0|  0|  16|           1|          16|
    |select_ln65_2_fu_1149_p3    |    select|   0|  0|  16|           1|          16|
    |select_ln65_30_fu_1410_p3   |    select|   0|  0|  16|           1|          16|
    |select_ln65_31_fu_1309_p3   |    select|   0|  0|  16|           1|          16|
    |select_ln65_32_fu_1320_p3   |    select|   0|  0|  16|           1|          16|
    |select_ln65_33_fu_1380_p3   |    select|   0|  0|  16|           1|          16|
    |select_ln65_34_fu_1331_p3   |    select|   0|  0|  16|           1|          16|
    |select_ln65_35_fu_1391_p3   |    select|   0|  0|  16|           1|          16|
    |select_ln65_36_fu_1421_p3   |    select|   0|  0|  16|           1|          16|
    |select_ln65_3_fu_963_p3     |    select|   0|  0|  16|           1|          16|
    |select_ln65_4_fu_974_p3     |    select|   0|  0|  16|           1|          16|
    |select_ln65_5_fu_1160_p3    |    select|   0|  0|  16|           1|          16|
    |select_ln65_6_fu_1265_p3    |    select|   0|  0|  16|           1|          16|
    |select_ln65_7_fu_985_p3     |    select|   0|  0|  16|           1|          16|
    |select_ln65_8_fu_996_p3     |    select|   0|  0|  16|           1|          16|
    |select_ln65_9_fu_1171_p3    |    select|   0|  0|  16|           1|          16|
    |select_ln65_fu_941_p3       |    select|   0|  0|  16|           1|          16|
    |x_max_V_fu_1436_p3          |    select|   0|  0|  16|           1|          16|
    |ap_enable_pp0               |       xor|   0|  0|   2|           1|           2|
    |xor_ln1697_10_fu_1002_p2    |       xor|   0|  0|   2|           1|           2|
    |xor_ln1697_11_fu_1013_p2    |       xor|   0|  0|   2|           1|           2|
    |xor_ln1697_12_fu_1177_p2    |       xor|   0|  0|   2|           1|           2|
    |xor_ln1697_13_fu_1271_p2    |       xor|   0|  0|   2|           1|           2|
    |xor_ln1697_14_fu_1353_p2    |       xor|   0|  0|   2|           1|           2|
    |xor_ln1697_15_fu_1024_p2    |       xor|   0|  0|   2|           1|           2|
    |xor_ln1697_16_fu_1035_p2    |       xor|   0|  0|   2|           1|           2|
    |xor_ln1697_17_fu_1188_p2    |       xor|   0|  0|   2|           1|           2|
    |xor_ln1697_18_fu_1046_p2    |       xor|   0|  0|   2|           1|           2|
    |xor_ln1697_19_fu_1057_p2    |       xor|   0|  0|   2|           1|           2|
    |xor_ln1697_1_fu_947_p2      |       xor|   0|  0|   2|           1|           2|
    |xor_ln1697_20_fu_1199_p2    |       xor|   0|  0|   2|           1|           2|
    |xor_ln1697_21_fu_1282_p2    |       xor|   0|  0|   2|           1|           2|
    |xor_ln1697_22_fu_1068_p2    |       xor|   0|  0|   2|           1|           2|
    |xor_ln1697_23_fu_1079_p2    |       xor|   0|  0|   2|           1|           2|
    |xor_ln1697_24_fu_1210_p2    |       xor|   0|  0|   2|           1|           2|
    |xor_ln1697_25_fu_1090_p2    |       xor|   0|  0|   2|           1|           2|
    |xor_ln1697_26_fu_1101_p2    |       xor|   0|  0|   2|           1|           2|
    |xor_ln1697_27_fu_1221_p2    |       xor|   0|  0|   2|           1|           2|
    |xor_ln1697_28_fu_1293_p2    |       xor|   0|  0|   2|           1|           2|
    |xor_ln1697_29_fu_1364_p2    |       xor|   0|  0|   2|           1|           2|
    |xor_ln1697_2_fu_1144_p2     |       xor|   0|  0|   2|           1|           2|
    |xor_ln1697_30_fu_1405_p2    |       xor|   0|  0|   2|           1|           2|
    |xor_ln1697_31_fu_1304_p2    |       xor|   0|  0|   2|           1|           2|
    |xor_ln1697_32_fu_1315_p2    |       xor|   0|  0|   2|           1|           2|
    |xor_ln1697_33_fu_1375_p2    |       xor|   0|  0|   2|           1|           2|
    |xor_ln1697_34_fu_1326_p2    |       xor|   0|  0|   2|           1|           2|
    |xor_ln1697_35_fu_1386_p2    |       xor|   0|  0|   2|           1|           2|
    |xor_ln1697_36_fu_1416_p2    |       xor|   0|  0|   2|           1|           2|
    |xor_ln1697_37_fu_1431_p2    |       xor|   0|  0|   2|           1|           2|
    |xor_ln1697_3_fu_958_p2      |       xor|   0|  0|   2|           1|           2|
    |xor_ln1697_4_fu_969_p2      |       xor|   0|  0|   2|           1|           2|
    |xor_ln1697_5_fu_1155_p2     |       xor|   0|  0|   2|           1|           2|
    |xor_ln1697_6_fu_1260_p2     |       xor|   0|  0|   2|           1|           2|
    |xor_ln1697_7_fu_980_p2      |       xor|   0|  0|   2|           1|           2|
    |xor_ln1697_8_fu_991_p2      |       xor|   0|  0|   2|           1|           2|
    |xor_ln1697_9_fu_1166_p2     |       xor|   0|  0|   2|           1|           2|
    |xor_ln1697_fu_936_p2        |       xor|   0|  0|   2|           1|           2|
    |xor_ln348_10_fu_1912_p2     |       xor|   0|  0|   1|           1|           1|
    |xor_ln348_11_fu_1955_p2     |       xor|   0|  0|   1|           1|           1|
    |xor_ln348_12_fu_1998_p2     |       xor|   0|  0|   1|           1|           1|
    |xor_ln348_13_fu_2041_p2     |       xor|   0|  0|   1|           1|           1|
    |xor_ln348_14_fu_2084_p2     |       xor|   0|  0|   1|           1|           1|
    |xor_ln348_15_fu_2127_p2     |       xor|   0|  0|   1|           1|           1|
    |xor_ln348_16_fu_2170_p2     |       xor|   0|  0|   1|           1|           1|
    |xor_ln348_17_fu_2213_p2     |       xor|   0|  0|   1|           1|           1|
    |xor_ln348_18_fu_2256_p2     |       xor|   0|  0|   1|           1|           1|
    |xor_ln348_19_fu_2299_p2     |       xor|   0|  0|   1|           1|           1|
    |xor_ln348_1_fu_1525_p2      |       xor|   0|  0|   1|           1|           1|
    |xor_ln348_20_fu_2342_p2     |       xor|   0|  0|   1|           1|           1|
    |xor_ln348_21_fu_2385_p2     |       xor|   0|  0|   1|           1|           1|
    |xor_ln348_22_fu_2428_p2     |       xor|   0|  0|   1|           1|           1|
    |xor_ln348_23_fu_2471_p2     |       xor|   0|  0|   1|           1|           1|
    |xor_ln348_24_fu_2514_p2     |       xor|   0|  0|   1|           1|           1|
    |xor_ln348_25_fu_2557_p2     |       xor|   0|  0|   1|           1|           1|
    |xor_ln348_26_fu_2600_p2     |       xor|   0|  0|   1|           1|           1|
    |xor_ln348_27_fu_2643_p2     |       xor|   0|  0|   1|           1|           1|
    |xor_ln348_28_fu_2686_p2     |       xor|   0|  0|   1|           1|           1|
    |xor_ln348_29_fu_2729_p2     |       xor|   0|  0|   1|           1|           1|
    |xor_ln348_2_fu_1568_p2      |       xor|   0|  0|   1|           1|           1|
    |xor_ln348_30_fu_2772_p2     |       xor|   0|  0|   1|           1|           1|
    |xor_ln348_31_fu_2815_p2     |       xor|   0|  0|   1|           1|           1|
    |xor_ln348_32_fu_2858_p2     |       xor|   0|  0|   1|           1|           1|
    |xor_ln348_33_fu_2901_p2     |       xor|   0|  0|   1|           1|           1|
    |xor_ln348_34_fu_2944_p2     |       xor|   0|  0|   1|           1|           1|
    |xor_ln348_35_fu_2987_p2     |       xor|   0|  0|   1|           1|           1|
    |xor_ln348_36_fu_3030_p2     |       xor|   0|  0|   1|           1|           1|
    |xor_ln348_37_fu_3073_p2     |       xor|   0|  0|   1|           1|           1|
    |xor_ln348_38_fu_3116_p2     |       xor|   0|  0|   1|           1|           1|
    |xor_ln348_3_fu_1611_p2      |       xor|   0|  0|   1|           1|           1|
    |xor_ln348_4_fu_1654_p2      |       xor|   0|  0|   1|           1|           1|
    |xor_ln348_5_fu_1697_p2      |       xor|   0|  0|   1|           1|           1|
    |xor_ln348_6_fu_1740_p2      |       xor|   0|  0|   1|           1|           1|
    |xor_ln348_7_fu_1783_p2      |       xor|   0|  0|   1|           1|           1|
    |xor_ln348_8_fu_1826_p2      |       xor|   0|  0|   1|           1|           1|
    |xor_ln348_9_fu_1869_p2      |       xor|   0|  0|   1|           1|           1|
    |xor_ln348_fu_1482_p2        |       xor|   0|  0|   1|           1|           1|
    |xor_ln941_10_fu_1900_p2     |       xor|   0|  0|   2|           1|           2|
    |xor_ln941_11_fu_1943_p2     |       xor|   0|  0|   2|           1|           2|
    |xor_ln941_12_fu_1986_p2     |       xor|   0|  0|   2|           1|           2|
    |xor_ln941_13_fu_2029_p2     |       xor|   0|  0|   2|           1|           2|
    |xor_ln941_14_fu_2072_p2     |       xor|   0|  0|   2|           1|           2|
    |xor_ln941_15_fu_2115_p2     |       xor|   0|  0|   2|           1|           2|
    |xor_ln941_16_fu_2158_p2     |       xor|   0|  0|   2|           1|           2|
    |xor_ln941_17_fu_2201_p2     |       xor|   0|  0|   2|           1|           2|
    |xor_ln941_18_fu_2244_p2     |       xor|   0|  0|   2|           1|           2|
    |xor_ln941_19_fu_2287_p2     |       xor|   0|  0|   2|           1|           2|
    |xor_ln941_1_fu_1513_p2      |       xor|   0|  0|   2|           1|           2|
    |xor_ln941_20_fu_2330_p2     |       xor|   0|  0|   2|           1|           2|
    |xor_ln941_21_fu_2373_p2     |       xor|   0|  0|   2|           1|           2|
    |xor_ln941_22_fu_2416_p2     |       xor|   0|  0|   2|           1|           2|
    |xor_ln941_23_fu_2459_p2     |       xor|   0|  0|   2|           1|           2|
    |xor_ln941_24_fu_2502_p2     |       xor|   0|  0|   2|           1|           2|
    |xor_ln941_25_fu_2545_p2     |       xor|   0|  0|   2|           1|           2|
    |xor_ln941_26_fu_2588_p2     |       xor|   0|  0|   2|           1|           2|
    |xor_ln941_27_fu_2631_p2     |       xor|   0|  0|   2|           1|           2|
    |xor_ln941_28_fu_2674_p2     |       xor|   0|  0|   2|           1|           2|
    |xor_ln941_29_fu_2717_p2     |       xor|   0|  0|   2|           1|           2|
    |xor_ln941_2_fu_1556_p2      |       xor|   0|  0|   2|           1|           2|
    |xor_ln941_30_fu_2760_p2     |       xor|   0|  0|   2|           1|           2|
    |xor_ln941_31_fu_2803_p2     |       xor|   0|  0|   2|           1|           2|
    |xor_ln941_32_fu_2846_p2     |       xor|   0|  0|   2|           1|           2|
    |xor_ln941_33_fu_2889_p2     |       xor|   0|  0|   2|           1|           2|
    |xor_ln941_34_fu_2932_p2     |       xor|   0|  0|   2|           1|           2|
    |xor_ln941_35_fu_2975_p2     |       xor|   0|  0|   2|           1|           2|
    |xor_ln941_36_fu_3018_p2     |       xor|   0|  0|   2|           1|           2|
    |xor_ln941_37_fu_3061_p2     |       xor|   0|  0|   2|           1|           2|
    |xor_ln941_38_fu_3104_p2     |       xor|   0|  0|   2|           1|           2|
    |xor_ln941_3_fu_1599_p2      |       xor|   0|  0|   2|           1|           2|
    |xor_ln941_4_fu_1642_p2      |       xor|   0|  0|   2|           1|           2|
    |xor_ln941_5_fu_1685_p2      |       xor|   0|  0|   2|           1|           2|
    |xor_ln941_6_fu_1728_p2      |       xor|   0|  0|   2|           1|           2|
    |xor_ln941_7_fu_1771_p2      |       xor|   0|  0|   2|           1|           2|
    |xor_ln941_8_fu_1814_p2      |       xor|   0|  0|   2|           1|           2|
    |xor_ln941_9_fu_1857_p2      |       xor|   0|  0|   2|           1|           2|
    |xor_ln941_fu_1470_p2        |       xor|   0|  0|   2|           1|           2|
    +----------------------------+----------+----+---+----+------------+------------+
    |Total                       |          |   0|  0|3274|        2227|        3538|
    +----------------------------+----------+----+---+----+------------+------------+

    * Multiplexer: 
    N/A

    * Register: 
    +----------------------------------------+----+----+-----+-----------+
    |                  Name                  | FF | LUT| Bits| Const Bits|
    +----------------------------------------+----+----+-----+-----------+
    |add_ln447_10_reg_6795                   |  18|   0|   18|          0|
    |add_ln447_14_reg_6745                   |  18|   0|   18|          0|
    |add_ln447_15_reg_6800                   |  18|   0|   18|          0|
    |add_ln447_16_reg_6825                   |  18|   0|   18|          0|
    |add_ln447_1_reg_6780                    |  18|   0|   18|          0|
    |add_ln447_20_reg_6750                   |  18|   0|   18|          0|
    |add_ln447_21_reg_6805                   |  18|   0|   18|          0|
    |add_ln447_24_reg_6755                   |  18|   0|   18|          0|
    |add_ln447_25_reg_6810                   |  18|   0|   18|          0|
    |add_ln447_27_reg_6760                   |  18|   0|   18|          0|
    |add_ln447_29_reg_6765                   |  18|   0|   18|          0|
    |add_ln447_33_reg_6633                   |  18|   0|   18|          0|
    |add_ln447_34_reg_6770                   |  18|   0|   18|          0|
    |add_ln447_35_reg_6815                   |  18|   0|   18|          0|
    |add_ln447_36_reg_6830                   |  18|   0|   18|          0|
    |add_ln447_5_reg_6740                    |  18|   0|   18|          0|
    |add_ln447_6_reg_6785                    |  18|   0|   18|          0|
    |add_ln447_7_reg_6820                    |  18|   0|   18|          0|
    |add_ln447_8_reg_6790                    |  18|   0|   18|          0|
    |add_ln447_reg_6775                      |  18|   0|   18|          0|
    |ap_CS_fsm                               |   1|   0|    1|          0|
    |ap_enable_reg_pp0_iter1                 |   1|   0|    1|          0|
    |ap_enable_reg_pp0_iter10                |   1|   0|    1|          0|
    |ap_enable_reg_pp0_iter11                |   1|   0|    1|          0|
    |ap_enable_reg_pp0_iter12                |   1|   0|    1|          0|
    |ap_enable_reg_pp0_iter13                |   1|   0|    1|          0|
    |ap_enable_reg_pp0_iter14                |   1|   0|    1|          0|
    |ap_enable_reg_pp0_iter15                |   1|   0|    1|          0|
    |ap_enable_reg_pp0_iter16                |   1|   0|    1|          0|
    |ap_enable_reg_pp0_iter17                |   1|   0|    1|          0|
    |ap_enable_reg_pp0_iter18                |   1|   0|    1|          0|
    |ap_enable_reg_pp0_iter19                |   1|   0|    1|          0|
    |ap_enable_reg_pp0_iter2                 |   1|   0|    1|          0|
    |ap_enable_reg_pp0_iter20                |   1|   0|    1|          0|
    |ap_enable_reg_pp0_iter21                |   1|   0|    1|          0|
    |ap_enable_reg_pp0_iter22                |   1|   0|    1|          0|
    |ap_enable_reg_pp0_iter23                |   1|   0|    1|          0|
    |ap_enable_reg_pp0_iter24                |   1|   0|    1|          0|
    |ap_enable_reg_pp0_iter25                |   1|   0|    1|          0|
    |ap_enable_reg_pp0_iter3                 |   1|   0|    1|          0|
    |ap_enable_reg_pp0_iter4                 |   1|   0|    1|          0|
    |ap_enable_reg_pp0_iter5                 |   1|   0|    1|          0|
    |ap_enable_reg_pp0_iter6                 |   1|   0|    1|          0|
    |ap_enable_reg_pp0_iter7                 |   1|   0|    1|          0|
    |ap_enable_reg_pp0_iter8                 |   1|   0|    1|          0|
    |ap_enable_reg_pp0_iter9                 |   1|   0|    1|          0|
    |exp_res_V_39_reg_6644                   |  18|   0|   18|          0|
    |exp_res_V_40_reg_6650                   |  18|   0|   18|          0|
    |exp_res_V_41_reg_6656                   |  18|   0|   18|          0|
    |exp_res_V_42_reg_6454                   |  18|   0|   18|          0|
    |exp_res_V_43_reg_6460                   |  18|   0|   18|          0|
    |exp_res_V_44_reg_6662                   |  18|   0|   18|          0|
    |exp_res_V_45_reg_6668                   |  18|   0|   18|          0|
    |exp_res_V_46_reg_6674                   |  18|   0|   18|          0|
    |exp_res_V_47_reg_6680                   |  18|   0|   18|          0|
    |exp_res_V_48_reg_6686                   |  18|   0|   18|          0|
    |exp_res_V_49_reg_6692                   |  18|   0|   18|          0|
    |exp_res_V_50_reg_6698                   |  18|   0|   18|          0|
    |exp_res_V_51_reg_6704                   |  18|   0|   18|          0|
    |exp_res_V_52_reg_6710                   |  18|   0|   18|          0|
    |exp_res_V_53_reg_6511                   |  18|   0|   18|          0|
    |exp_res_V_54_reg_6517                   |  18|   0|   18|          0|
    |exp_res_V_55_reg_6523                   |  18|   0|   18|          0|
    |exp_res_V_56_reg_6529                   |  18|   0|   18|          0|
    |exp_res_V_57_reg_6535                   |  18|   0|   18|          0|
    |exp_res_V_58_reg_6541                   |  18|   0|   18|          0|
    |exp_res_V_59_reg_6547                   |  18|   0|   18|          0|
    |exp_res_V_60_reg_6716                   |  18|   0|   18|          0|
    |exp_res_V_61_reg_6722                   |  18|   0|   18|          0|
    |exp_res_V_62_reg_6563                   |  18|   0|   18|          0|
    |exp_res_V_63_reg_6728                   |  18|   0|   18|          0|
    |exp_res_V_64_reg_6574                   |  18|   0|   18|          0|
    |exp_res_V_65_reg_6580                   |  18|   0|   18|          0|
    |exp_res_V_66_reg_6586                   |  18|   0|   18|          0|
    |exp_res_V_67_reg_6592                   |  18|   0|   18|          0|
    |exp_res_V_68_reg_6598                   |  18|   0|   18|          0|
    |exp_res_V_69_reg_6734                   |  18|   0|   18|          0|
    |exp_res_V_70_reg_6396                   |  18|   0|   18|          0|
    |exp_res_V_71_reg_6402                   |  18|   0|   18|          0|
    |exp_res_V_72_reg_6408                   |  18|   0|   18|          0|
    |exp_res_V_73_reg_6609                   |  18|   0|   18|          0|
    |exp_res_V_74_reg_6615                   |  18|   0|   18|          0|
    |exp_res_V_75_reg_6621                   |  18|   0|   18|          0|
    |exp_res_V_76_reg_6627                   |  18|   0|   18|          0|
    |exp_res_V_reg_6638                      |  18|   0|   18|          0|
    |icmp_ln1697_10_reg_5724                 |   1|   0|    1|          0|
    |icmp_ln1697_11_reg_5729                 |   1|   0|    1|          0|
    |icmp_ln1697_12_reg_5885                 |   1|   0|    1|          0|
    |icmp_ln1697_13_reg_5963                 |   1|   0|    1|          0|
    |icmp_ln1697_14_reg_6035                 |   1|   0|    1|          0|
    |icmp_ln1697_15_reg_5734                 |   1|   0|    1|          0|
    |icmp_ln1697_16_reg_5739                 |   1|   0|    1|          0|
    |icmp_ln1697_17_reg_5890                 |   1|   0|    1|          0|
    |icmp_ln1697_18_reg_5744                 |   1|   0|    1|          0|
    |icmp_ln1697_19_reg_5749                 |   1|   0|    1|          0|
    |icmp_ln1697_1_reg_5699                  |   1|   0|    1|          0|
    |icmp_ln1697_20_reg_5895                 |   1|   0|    1|          0|
    |icmp_ln1697_21_reg_5968                 |   1|   0|    1|          0|
    |icmp_ln1697_22_reg_5754                 |   1|   0|    1|          0|
    |icmp_ln1697_23_reg_5759                 |   1|   0|    1|          0|
    |icmp_ln1697_24_reg_5900                 |   1|   0|    1|          0|
    |icmp_ln1697_25_reg_5764                 |   1|   0|    1|          0|
    |icmp_ln1697_26_reg_5769                 |   1|   0|    1|          0|
    |icmp_ln1697_27_reg_5905                 |   1|   0|    1|          0|
    |icmp_ln1697_28_reg_5973                 |   1|   0|    1|          0|
    |icmp_ln1697_29_reg_6040                 |   1|   0|    1|          0|
    |icmp_ln1697_2_reg_5870                  |   1|   0|    1|          0|
    |icmp_ln1697_30_reg_6079                 |   1|   0|    1|          0|
    |icmp_ln1697_31_reg_5978                 |   1|   0|    1|          0|
    |icmp_ln1697_32_reg_5983                 |   1|   0|    1|          0|
    |icmp_ln1697_33_reg_6045                 |   1|   0|    1|          0|
    |icmp_ln1697_34_reg_5988                 |   1|   0|    1|          0|
    |icmp_ln1697_35_reg_6050                 |   1|   0|    1|          0|
    |icmp_ln1697_36_reg_6084                 |   1|   0|    1|          0|
    |icmp_ln1697_37_reg_6101                 |   1|   0|    1|          0|
    |icmp_ln1697_3_reg_5704                  |   1|   0|    1|          0|
    |icmp_ln1697_4_reg_5709                  |   1|   0|    1|          0|
    |icmp_ln1697_5_reg_5875                  |   1|   0|    1|          0|
    |icmp_ln1697_6_reg_5958                  |   1|   0|    1|          0|
    |icmp_ln1697_7_reg_5714                  |   1|   0|    1|          0|
    |icmp_ln1697_8_reg_5719                  |   1|   0|    1|          0|
    |icmp_ln1697_9_reg_5880                  |   1|   0|    1|          0|
    |icmp_ln1697_reg_5694                    |   1|   0|    1|          0|
    |inv_exp_sum_V_reg_6845                  |  18|   0|   18|          0|
    |p_Result_100_reg_6216                   |  10|   0|   10|          0|
    |p_Result_100_reg_6216_pp0_iter13_reg    |  10|   0|   10|          0|
    |p_Result_101_reg_6221                   |  10|   0|   10|          0|
    |p_Result_102_reg_6226                   |  10|   0|   10|          0|
    |p_Result_103_reg_6231                   |  10|   0|   10|          0|
    |p_Result_103_reg_6231_pp0_iter13_reg    |  10|   0|   10|          0|
    |p_Result_104_reg_6236                   |  10|   0|   10|          0|
    |p_Result_105_reg_6241                   |  10|   0|   10|          0|
    |p_Result_105_reg_6241_pp0_iter13_reg    |  10|   0|   10|          0|
    |p_Result_106_reg_6246                   |  10|   0|   10|          0|
    |p_Result_106_reg_6246_pp0_iter13_reg    |  10|   0|   10|          0|
    |p_Result_107_reg_6251                   |  10|   0|   10|          0|
    |p_Result_107_reg_6251_pp0_iter13_reg    |  10|   0|   10|          0|
    |p_Result_108_reg_6256                   |  10|   0|   10|          0|
    |p_Result_108_reg_6256_pp0_iter13_reg    |  10|   0|   10|          0|
    |p_Result_109_reg_6261                   |  10|   0|   10|          0|
    |p_Result_109_reg_6261_pp0_iter13_reg    |  10|   0|   10|          0|
    |p_Result_110_reg_6266                   |  10|   0|   10|          0|
    |p_Result_111_reg_6271                   |  10|   0|   10|          0|
    |p_Result_112_reg_6276                   |  10|   0|   10|          0|
    |p_Result_113_reg_6281                   |  10|   0|   10|          0|
    |p_Result_114_reg_6286                   |  10|   0|   10|          0|
    |p_Result_114_reg_6286_pp0_iter13_reg    |  10|   0|   10|          0|
    |p_Result_115_reg_6291                   |  10|   0|   10|          0|
    |p_Result_115_reg_6291_pp0_iter13_reg    |  10|   0|   10|          0|
    |p_Result_116_reg_6296                   |  10|   0|   10|          0|
    |p_Result_116_reg_6296_pp0_iter13_reg    |  10|   0|   10|          0|
    |p_Result_117_reg_6301                   |  10|   0|   10|          0|
    |p_Result_117_reg_6301_pp0_iter13_reg    |  10|   0|   10|          0|
    |p_Result_79_reg_6111                    |  10|   0|   10|          0|
    |p_Result_80_reg_6116                    |  10|   0|   10|          0|
    |p_Result_81_reg_6121                    |  10|   0|   10|          0|
    |p_Result_82_reg_6126                    |  10|   0|   10|          0|
    |p_Result_83_reg_6131                    |  10|   0|   10|          0|
    |p_Result_83_reg_6131_pp0_iter13_reg     |  10|   0|   10|          0|
    |p_Result_84_reg_6136                    |  10|   0|   10|          0|
    |p_Result_84_reg_6136_pp0_iter13_reg     |  10|   0|   10|          0|
    |p_Result_85_reg_6141                    |  10|   0|   10|          0|
    |p_Result_86_reg_6146                    |  10|   0|   10|          0|
    |p_Result_87_reg_6151                    |  10|   0|   10|          0|
    |p_Result_88_reg_6156                    |  10|   0|   10|          0|
    |p_Result_89_reg_6161                    |  10|   0|   10|          0|
    |p_Result_90_reg_6166                    |  10|   0|   10|          0|
    |p_Result_91_reg_6171                    |  10|   0|   10|          0|
    |p_Result_92_reg_6176                    |  10|   0|   10|          0|
    |p_Result_93_reg_6181                    |  10|   0|   10|          0|
    |p_Result_94_reg_6186                    |  10|   0|   10|          0|
    |p_Result_94_reg_6186_pp0_iter13_reg     |  10|   0|   10|          0|
    |p_Result_95_reg_6191                    |  10|   0|   10|          0|
    |p_Result_95_reg_6191_pp0_iter13_reg     |  10|   0|   10|          0|
    |p_Result_96_reg_6196                    |  10|   0|   10|          0|
    |p_Result_96_reg_6196_pp0_iter13_reg     |  10|   0|   10|          0|
    |p_Result_97_reg_6201                    |  10|   0|   10|          0|
    |p_Result_97_reg_6201_pp0_iter13_reg     |  10|   0|   10|          0|
    |p_Result_98_reg_6206                    |  10|   0|   10|          0|
    |p_Result_98_reg_6206_pp0_iter13_reg     |  10|   0|   10|          0|
    |p_Result_99_reg_6211                    |  10|   0|   10|          0|
    |p_Result_99_reg_6211_pp0_iter13_reg     |  10|   0|   10|          0|
    |p_Result_s_reg_6835                     |  10|   0|   10|          0|
    |p_read39_reg_5688                       |  16|   0|   16|          0|
    |p_read_10_reg_5514                      |  16|   0|   16|          0|
    |p_read_11_reg_5520                      |  16|   0|   16|          0|
    |p_read_12_reg_5526                      |  16|   0|   16|          0|
    |p_read_13_reg_5532                      |  16|   0|   16|          0|
    |p_read_14_reg_5538                      |  16|   0|   16|          0|
    |p_read_15_reg_5544                      |  16|   0|   16|          0|
    |p_read_16_reg_5550                      |  16|   0|   16|          0|
    |p_read_17_reg_5556                      |  16|   0|   16|          0|
    |p_read_18_reg_5562                      |  16|   0|   16|          0|
    |p_read_19_reg_5568                      |  16|   0|   16|          0|
    |p_read_1_reg_5453                       |  16|   0|   16|          0|
    |p_read_20_reg_5574                      |  16|   0|   16|          0|
    |p_read_21_reg_5580                      |  16|   0|   16|          0|
    |p_read_22_reg_5586                      |  16|   0|   16|          0|
    |p_read_23_reg_5592                      |  16|   0|   16|          0|
    |p_read_24_reg_5598                      |  16|   0|   16|          0|
    |p_read_25_reg_5604                      |  16|   0|   16|          0|
    |p_read_26_reg_5610                      |  16|   0|   16|          0|
    |p_read_27_reg_5616                      |  16|   0|   16|          0|
    |p_read_28_reg_5622                      |  16|   0|   16|          0|
    |p_read_29_reg_5628                      |  16|   0|   16|          0|
    |p_read_2_reg_5460                       |  16|   0|   16|          0|
    |p_read_30_reg_5634                      |  16|   0|   16|          0|
    |p_read_31_reg_5640                      |  16|   0|   16|          0|
    |p_read_32_reg_5646                      |  16|   0|   16|          0|
    |p_read_33_reg_5652                      |  16|   0|   16|          0|
    |p_read_34_reg_5658                      |  16|   0|   16|          0|
    |p_read_35_reg_5664                      |  16|   0|   16|          0|
    |p_read_36_reg_5670                      |  16|   0|   16|          0|
    |p_read_37_reg_5676                      |  16|   0|   16|          0|
    |p_read_38_reg_5682                      |  16|   0|   16|          0|
    |p_read_3_reg_5467                       |  16|   0|   16|          0|
    |p_read_4_reg_5474                       |  16|   0|   16|          0|
    |p_read_5_reg_5481                       |  16|   0|   16|          0|
    |p_read_6_reg_5488                       |  16|   0|   16|          0|
    |p_read_7_reg_5495                       |  16|   0|   16|          0|
    |p_read_8_reg_5502                       |  16|   0|   16|          0|
    |p_read_9_reg_5508                       |  16|   0|   16|          0|
    |select_ln65_10_reg_5810                 |  16|   0|   16|          0|
    |select_ln65_10_reg_5810_pp0_iter2_reg   |  16|   0|   16|          0|
    |select_ln65_11_reg_5816                 |  16|   0|   16|          0|
    |select_ln65_11_reg_5816_pp0_iter2_reg   |  16|   0|   16|          0|
    |select_ln65_12_reg_5928                 |  16|   0|   16|          0|
    |select_ln65_12_reg_5928_pp0_iter4_reg   |  16|   0|   16|          0|
    |select_ln65_13_reg_5999                 |  16|   0|   16|          0|
    |select_ln65_13_reg_5999_pp0_iter6_reg   |  16|   0|   16|          0|
    |select_ln65_14_reg_6055                 |  16|   0|   16|          0|
    |select_ln65_14_reg_6055_pp0_iter8_reg   |  16|   0|   16|          0|
    |select_ln65_15_reg_5822                 |  16|   0|   16|          0|
    |select_ln65_15_reg_5822_pp0_iter2_reg   |  16|   0|   16|          0|
    |select_ln65_16_reg_5828                 |  16|   0|   16|          0|
    |select_ln65_16_reg_5828_pp0_iter2_reg   |  16|   0|   16|          0|
    |select_ln65_17_reg_5934                 |  16|   0|   16|          0|
    |select_ln65_17_reg_5934_pp0_iter4_reg   |  16|   0|   16|          0|
    |select_ln65_18_reg_5834                 |  16|   0|   16|          0|
    |select_ln65_18_reg_5834_pp0_iter2_reg   |  16|   0|   16|          0|
    |select_ln65_19_reg_5840                 |  16|   0|   16|          0|
    |select_ln65_19_reg_5840_pp0_iter2_reg   |  16|   0|   16|          0|
    |select_ln65_1_reg_5780                  |  16|   0|   16|          0|
    |select_ln65_1_reg_5780_pp0_iter2_reg    |  16|   0|   16|          0|
    |select_ln65_20_reg_5940                 |  16|   0|   16|          0|
    |select_ln65_20_reg_5940_pp0_iter4_reg   |  16|   0|   16|          0|
    |select_ln65_21_reg_6005                 |  16|   0|   16|          0|
    |select_ln65_21_reg_6005_pp0_iter6_reg   |  16|   0|   16|          0|
    |select_ln65_22_reg_5846                 |  16|   0|   16|          0|
    |select_ln65_22_reg_5846_pp0_iter2_reg   |  16|   0|   16|          0|
    |select_ln65_23_reg_5852                 |  16|   0|   16|          0|
    |select_ln65_23_reg_5852_pp0_iter2_reg   |  16|   0|   16|          0|
    |select_ln65_24_reg_5946                 |  16|   0|   16|          0|
    |select_ln65_24_reg_5946_pp0_iter4_reg   |  16|   0|   16|          0|
    |select_ln65_25_reg_5858                 |  16|   0|   16|          0|
    |select_ln65_25_reg_5858_pp0_iter2_reg   |  16|   0|   16|          0|
    |select_ln65_26_reg_5864                 |  16|   0|   16|          0|
    |select_ln65_26_reg_5864_pp0_iter2_reg   |  16|   0|   16|          0|
    |select_ln65_27_reg_5952                 |  16|   0|   16|          0|
    |select_ln65_27_reg_5952_pp0_iter4_reg   |  16|   0|   16|          0|
    |select_ln65_28_reg_6011                 |  16|   0|   16|          0|
    |select_ln65_28_reg_6011_pp0_iter6_reg   |  16|   0|   16|          0|
    |select_ln65_29_reg_6061                 |  16|   0|   16|          0|
    |select_ln65_29_reg_6061_pp0_iter8_reg   |  16|   0|   16|          0|
    |select_ln65_2_reg_5910                  |  16|   0|   16|          0|
    |select_ln65_2_reg_5910_pp0_iter4_reg    |  16|   0|   16|          0|
    |select_ln65_30_reg_6089                 |  16|   0|   16|          0|
    |select_ln65_30_reg_6089_pp0_iter10_reg  |  16|   0|   16|          0|
    |select_ln65_31_reg_6017                 |  16|   0|   16|          0|
    |select_ln65_31_reg_6017_pp0_iter6_reg   |  16|   0|   16|          0|
    |select_ln65_32_reg_6023                 |  16|   0|   16|          0|
    |select_ln65_32_reg_6023_pp0_iter6_reg   |  16|   0|   16|          0|
    |select_ln65_33_reg_6067                 |  16|   0|   16|          0|
    |select_ln65_33_reg_6067_pp0_iter8_reg   |  16|   0|   16|          0|
    |select_ln65_34_reg_6029                 |  16|   0|   16|          0|
    |select_ln65_34_reg_6029_pp0_iter6_reg   |  16|   0|   16|          0|
    |select_ln65_35_reg_6073                 |  16|   0|   16|          0|
    |select_ln65_35_reg_6073_pp0_iter8_reg   |  16|   0|   16|          0|
    |select_ln65_36_reg_6095                 |  16|   0|   16|          0|
    |select_ln65_36_reg_6095_pp0_iter10_reg  |  16|   0|   16|          0|
    |select_ln65_3_reg_5786                  |  16|   0|   16|          0|
    |select_ln65_3_reg_5786_pp0_iter2_reg    |  16|   0|   16|          0|
    |select_ln65_4_reg_5792                  |  16|   0|   16|          0|
    |select_ln65_4_reg_5792_pp0_iter2_reg    |  16|   0|   16|          0|
    |select_ln65_5_reg_5916                  |  16|   0|   16|          0|
    |select_ln65_5_reg_5916_pp0_iter4_reg    |  16|   0|   16|          0|
    |select_ln65_6_reg_5993                  |  16|   0|   16|          0|
    |select_ln65_6_reg_5993_pp0_iter6_reg    |  16|   0|   16|          0|
    |select_ln65_7_reg_5798                  |  16|   0|   16|          0|
    |select_ln65_7_reg_5798_pp0_iter2_reg    |  16|   0|   16|          0|
    |select_ln65_8_reg_5804                  |  16|   0|   16|          0|
    |select_ln65_8_reg_5804_pp0_iter2_reg    |  16|   0|   16|          0|
    |select_ln65_9_reg_5922                  |  16|   0|   16|          0|
    |select_ln65_9_reg_5922_pp0_iter4_reg    |  16|   0|   16|          0|
    |select_ln65_reg_5774                    |  16|   0|   16|          0|
    |select_ln65_reg_5774_pp0_iter2_reg      |  16|   0|   16|          0|
    |x_max_V_reg_6106                        |  16|   0|   16|          0|
    |exp_res_V_39_reg_6644                   |  64|  32|   18|          0|
    |exp_res_V_40_reg_6650                   |  64|  32|   18|          0|
    |exp_res_V_41_reg_6656                   |  64|  32|   18|          0|
    |exp_res_V_42_reg_6454                   |  64|  32|   18|          0|
    |exp_res_V_43_reg_6460                   |  64|  32|   18|          0|
    |exp_res_V_44_reg_6662                   |  64|  32|   18|          0|
    |exp_res_V_45_reg_6668                   |  64|  32|   18|          0|
    |exp_res_V_46_reg_6674                   |  64|  32|   18|          0|
    |exp_res_V_47_reg_6680                   |  64|  32|   18|          0|
    |exp_res_V_48_reg_6686                   |  64|  32|   18|          0|
    |exp_res_V_49_reg_6692                   |  64|  32|   18|          0|
    |exp_res_V_50_reg_6698                   |  64|  32|   18|          0|
    |exp_res_V_51_reg_6704                   |  64|  32|   18|          0|
    |exp_res_V_52_reg_6710                   |  64|  32|   18|          0|
    |exp_res_V_53_reg_6511                   |  64|  32|   18|          0|
    |exp_res_V_54_reg_6517                   |  64|  32|   18|          0|
    |exp_res_V_55_reg_6523                   |  64|  32|   18|          0|
    |exp_res_V_56_reg_6529                   |  64|  32|   18|          0|
    |exp_res_V_57_reg_6535                   |  64|  32|   18|          0|
    |exp_res_V_58_reg_6541                   |  64|  32|   18|          0|
    |exp_res_V_59_reg_6547                   |  64|  32|   18|          0|
    |exp_res_V_60_reg_6716                   |  64|  32|   18|          0|
    |exp_res_V_61_reg_6722                   |  64|  32|   18|          0|
    |exp_res_V_62_reg_6563                   |  64|  32|   18|          0|
    |exp_res_V_63_reg_6728                   |  64|  32|   18|          0|
    |exp_res_V_64_reg_6574                   |  64|  32|   18|          0|
    |exp_res_V_65_reg_6580                   |  64|  32|   18|          0|
    |exp_res_V_66_reg_6586                   |  64|  32|   18|          0|
    |exp_res_V_67_reg_6592                   |  64|  32|   18|          0|
    |exp_res_V_68_reg_6598                   |  64|  32|   18|          0|
    |exp_res_V_69_reg_6734                   |  64|  32|   18|          0|
    |exp_res_V_70_reg_6396                   |  64|  32|   18|          0|
    |exp_res_V_71_reg_6402                   |  64|  32|   18|          0|
    |exp_res_V_72_reg_6408                   |  64|  32|   18|          0|
    |exp_res_V_73_reg_6609                   |  64|  32|   18|          0|
    |exp_res_V_74_reg_6615                   |  64|  32|   18|          0|
    |exp_res_V_75_reg_6621                   |  64|  32|   18|          0|
    |exp_res_V_76_reg_6627                   |  64|  32|   18|          0|
    |exp_res_V_reg_6638                      |  64|  32|   18|          0|
    |p_Result_101_reg_6221                   |  64|  32|   10|          0|
    |p_Result_102_reg_6226                   |  64|  32|   10|          0|
    |p_Result_104_reg_6236                   |  64|  32|   10|          0|
    |p_Result_110_reg_6266                   |  64|  32|   10|          0|
    |p_Result_79_reg_6111                    |  64|  32|   10|          0|
    |p_Result_80_reg_6116                    |  64|  32|   10|          0|
    |p_Result_81_reg_6121                    |  64|  32|   10|          0|
    |p_Result_82_reg_6126                    |  64|  32|   10|          0|
    |p_Result_85_reg_6141                    |  64|  32|   10|          0|
    |p_Result_86_reg_6146                    |  64|  32|   10|          0|
    |p_Result_87_reg_6151                    |  64|  32|   10|          0|
    |p_Result_88_reg_6156                    |  64|  32|   10|          0|
    |p_Result_89_reg_6161                    |  64|  32|   10|          0|
    |p_Result_90_reg_6166                    |  64|  32|   10|          0|
    |p_Result_91_reg_6171                    |  64|  32|   10|          0|
    |p_Result_92_reg_6176                    |  64|  32|   10|          0|
    |p_Result_93_reg_6181                    |  64|  32|   10|          0|
    |p_read39_reg_5688                       |  64|  32|   16|          0|
    |p_read_10_reg_5514                      |  64|  32|   16|          0|
    |p_read_11_reg_5520                      |  64|  32|   16|          0|
    |p_read_12_reg_5526                      |  64|  32|   16|          0|
    |p_read_13_reg_5532                      |  64|  32|   16|          0|
    |p_read_14_reg_5538                      |  64|  32|   16|          0|
    |p_read_15_reg_5544                      |  64|  32|   16|          0|
    |p_read_16_reg_5550                      |  64|  32|   16|          0|
    |p_read_17_reg_5556                      |  64|  32|   16|          0|
    |p_read_18_reg_5562                      |  64|  32|   16|          0|
    |p_read_19_reg_5568                      |  64|  32|   16|          0|
    |p_read_1_reg_5453                       |  64|  32|   16|          0|
    |p_read_20_reg_5574                      |  64|  32|   16|          0|
    |p_read_21_reg_5580                      |  64|  32|   16|          0|
    |p_read_22_reg_5586                      |  64|  32|   16|          0|
    |p_read_23_reg_5592                      |  64|  32|   16|          0|
    |p_read_24_reg_5598                      |  64|  32|   16|          0|
    |p_read_25_reg_5604                      |  64|  32|   16|          0|
    |p_read_26_reg_5610                      |  64|  32|   16|          0|
    |p_read_27_reg_5616                      |  64|  32|   16|          0|
    |p_read_28_reg_5622                      |  64|  32|   16|          0|
    |p_read_29_reg_5628                      |  64|  32|   16|          0|
    |p_read_2_reg_5460                       |  64|  32|   16|          0|
    |p_read_30_reg_5634                      |  64|  32|   16|          0|
    |p_read_31_reg_5640                      |  64|  32|   16|          0|
    |p_read_32_reg_5646                      |  64|  32|   16|          0|
    |p_read_33_reg_5652                      |  64|  32|   16|          0|
    |p_read_34_reg_5658                      |  64|  32|   16|          0|
    |p_read_35_reg_5664                      |  64|  32|   16|          0|
    |p_read_36_reg_5670                      |  64|  32|   16|          0|
    |p_read_37_reg_5676                      |  64|  32|   16|          0|
    |p_read_38_reg_5682                      |  64|  32|   16|          0|
    |p_read_3_reg_5467                       |  64|  32|   16|          0|
    |p_read_4_reg_5474                       |  64|  32|   16|          0|
    |p_read_5_reg_5481                       |  64|  32|   16|          0|
    |p_read_6_reg_5488                       |  64|  32|   16|          0|
    |p_read_7_reg_5495                       |  64|  32|   16|          0|
    |p_read_8_reg_5502                       |  64|  32|   16|          0|
    |p_read_9_reg_5508                       |  64|  32|   16|          0|
    +----------------------------------------+----+----+-----+-----------+
    |Total                                   |9638|3040| 5054|          0|
    +----------------------------------------+----+----+-----+-----------+



================================================================
== Interface
================================================================
* Summary: 
+--------------+-----+-----+------------+----------------------------------------------------------------+--------------+
|   RTL Ports  | Dir | Bits|  Protocol  |                          Source Object                         |    C Type    |
+--------------+-----+-----+------------+----------------------------------------------------------------+--------------+
|ap_clk        |   in|    1|  ap_ctrl_hs|  softmax_stable<ap_fixed,ap_fixed<16,6,5,3,0>,softmax_config10>|  return value|
|ap_rst        |   in|    1|  ap_ctrl_hs|  softmax_stable<ap_fixed,ap_fixed<16,6,5,3,0>,softmax_config10>|  return value|
|ap_start      |   in|    1|  ap_ctrl_hs|  softmax_stable<ap_fixed,ap_fixed<16,6,5,3,0>,softmax_config10>|  return value|
|ap_done       |  out|    1|  ap_ctrl_hs|  softmax_stable<ap_fixed,ap_fixed<16,6,5,3,0>,softmax_config10>|  return value|
|ap_idle       |  out|    1|  ap_ctrl_hs|  softmax_stable<ap_fixed,ap_fixed<16,6,5,3,0>,softmax_config10>|  return value|
|ap_ready      |  out|    1|  ap_ctrl_hs|  softmax_stable<ap_fixed,ap_fixed<16,6,5,3,0>,softmax_config10>|  return value|
|ap_return_0   |  out|   16|  ap_ctrl_hs|  softmax_stable<ap_fixed,ap_fixed<16,6,5,3,0>,softmax_config10>|  return value|
|ap_return_1   |  out|   16|  ap_ctrl_hs|  softmax_stable<ap_fixed,ap_fixed<16,6,5,3,0>,softmax_config10>|  return value|
|ap_return_2   |  out|   16|  ap_ctrl_hs|  softmax_stable<ap_fixed,ap_fixed<16,6,5,3,0>,softmax_config10>|  return value|
|ap_return_3   |  out|   16|  ap_ctrl_hs|  softmax_stable<ap_fixed,ap_fixed<16,6,5,3,0>,softmax_config10>|  return value|
|ap_return_4   |  out|   16|  ap_ctrl_hs|  softmax_stable<ap_fixed,ap_fixed<16,6,5,3,0>,softmax_config10>|  return value|
|ap_return_5   |  out|   16|  ap_ctrl_hs|  softmax_stable<ap_fixed,ap_fixed<16,6,5,3,0>,softmax_config10>|  return value|
|ap_return_6   |  out|   16|  ap_ctrl_hs|  softmax_stable<ap_fixed,ap_fixed<16,6,5,3,0>,softmax_config10>|  return value|
|ap_return_7   |  out|   16|  ap_ctrl_hs|  softmax_stable<ap_fixed,ap_fixed<16,6,5,3,0>,softmax_config10>|  return value|
|ap_return_8   |  out|   16|  ap_ctrl_hs|  softmax_stable<ap_fixed,ap_fixed<16,6,5,3,0>,softmax_config10>|  return value|
|ap_return_9   |  out|   16|  ap_ctrl_hs|  softmax_stable<ap_fixed,ap_fixed<16,6,5,3,0>,softmax_config10>|  return value|
|ap_return_10  |  out|   16|  ap_ctrl_hs|  softmax_stable<ap_fixed,ap_fixed<16,6,5,3,0>,softmax_config10>|  return value|
|ap_return_11  |  out|   16|  ap_ctrl_hs|  softmax_stable<ap_fixed,ap_fixed<16,6,5,3,0>,softmax_config10>|  return value|
|ap_return_12  |  out|   16|  ap_ctrl_hs|  softmax_stable<ap_fixed,ap_fixed<16,6,5,3,0>,softmax_config10>|  return value|
|ap_return_13  |  out|   16|  ap_ctrl_hs|  softmax_stable<ap_fixed,ap_fixed<16,6,5,3,0>,softmax_config10>|  return value|
|ap_return_14  |  out|   16|  ap_ctrl_hs|  softmax_stable<ap_fixed,ap_fixed<16,6,5,3,0>,softmax_config10>|  return value|
|ap_return_15  |  out|   16|  ap_ctrl_hs|  softmax_stable<ap_fixed,ap_fixed<16,6,5,3,0>,softmax_config10>|  return value|
|ap_return_16  |  out|   16|  ap_ctrl_hs|  softmax_stable<ap_fixed,ap_fixed<16,6,5,3,0>,softmax_config10>|  return value|
|ap_return_17  |  out|   16|  ap_ctrl_hs|  softmax_stable<ap_fixed,ap_fixed<16,6,5,3,0>,softmax_config10>|  return value|
|ap_return_18  |  out|   16|  ap_ctrl_hs|  softmax_stable<ap_fixed,ap_fixed<16,6,5,3,0>,softmax_config10>|  return value|
|ap_return_19  |  out|   16|  ap_ctrl_hs|  softmax_stable<ap_fixed,ap_fixed<16,6,5,3,0>,softmax_config10>|  return value|
|ap_return_20  |  out|   16|  ap_ctrl_hs|  softmax_stable<ap_fixed,ap_fixed<16,6,5,3,0>,softmax_config10>|  return value|
|ap_return_21  |  out|   16|  ap_ctrl_hs|  softmax_stable<ap_fixed,ap_fixed<16,6,5,3,0>,softmax_config10>|  return value|
|ap_return_22  |  out|   16|  ap_ctrl_hs|  softmax_stable<ap_fixed,ap_fixed<16,6,5,3,0>,softmax_config10>|  return value|
|ap_return_23  |  out|   16|  ap_ctrl_hs|  softmax_stable<ap_fixed,ap_fixed<16,6,5,3,0>,softmax_config10>|  return value|
|ap_return_24  |  out|   16|  ap_ctrl_hs|  softmax_stable<ap_fixed,ap_fixed<16,6,5,3,0>,softmax_config10>|  return value|
|ap_return_25  |  out|   16|  ap_ctrl_hs|  softmax_stable<ap_fixed,ap_fixed<16,6,5,3,0>,softmax_config10>|  return value|
|ap_return_26  |  out|   16|  ap_ctrl_hs|  softmax_stable<ap_fixed,ap_fixed<16,6,5,3,0>,softmax_config10>|  return value|
|ap_return_27  |  out|   16|  ap_ctrl_hs|  softmax_stable<ap_fixed,ap_fixed<16,6,5,3,0>,softmax_config10>|  return value|
|ap_return_28  |  out|   16|  ap_ctrl_hs|  softmax_stable<ap_fixed,ap_fixed<16,6,5,3,0>,softmax_config10>|  return value|
|ap_return_29  |  out|   16|  ap_ctrl_hs|  softmax_stable<ap_fixed,ap_fixed<16,6,5,3,0>,softmax_config10>|  return value|
|ap_return_30  |  out|   16|  ap_ctrl_hs|  softmax_stable<ap_fixed,ap_fixed<16,6,5,3,0>,softmax_config10>|  return value|
|ap_return_31  |  out|   16|  ap_ctrl_hs|  softmax_stable<ap_fixed,ap_fixed<16,6,5,3,0>,softmax_config10>|  return value|
|ap_return_32  |  out|   16|  ap_ctrl_hs|  softmax_stable<ap_fixed,ap_fixed<16,6,5,3,0>,softmax_config10>|  return value|
|ap_return_33  |  out|   16|  ap_ctrl_hs|  softmax_stable<ap_fixed,ap_fixed<16,6,5,3,0>,softmax_config10>|  return value|
|ap_return_34  |  out|   16|  ap_ctrl_hs|  softmax_stable<ap_fixed,ap_fixed<16,6,5,3,0>,softmax_config10>|  return value|
|ap_return_35  |  out|   16|  ap_ctrl_hs|  softmax_stable<ap_fixed,ap_fixed<16,6,5,3,0>,softmax_config10>|  return value|
|ap_return_36  |  out|   16|  ap_ctrl_hs|  softmax_stable<ap_fixed,ap_fixed<16,6,5,3,0>,softmax_config10>|  return value|
|ap_return_37  |  out|   16|  ap_ctrl_hs|  softmax_stable<ap_fixed,ap_fixed<16,6,5,3,0>,softmax_config10>|  return value|
|ap_return_38  |  out|   16|  ap_ctrl_hs|  softmax_stable<ap_fixed,ap_fixed<16,6,5,3,0>,softmax_config10>|  return value|
|p_read        |   in|   16|     ap_none|                                                          p_read|        scalar|
|p_read1       |   in|   16|     ap_none|                                                         p_read1|        scalar|
|p_read2       |   in|   16|     ap_none|                                                         p_read2|        scalar|
|p_read3       |   in|   16|     ap_none|                                                         p_read3|        scalar|
|p_read4       |   in|   16|     ap_none|                                                         p_read4|        scalar|
|p_read5       |   in|   16|     ap_none|                                                         p_read5|        scalar|
|p_read6       |   in|   16|     ap_none|                                                         p_read6|        scalar|
|p_read7       |   in|   16|     ap_none|                                                         p_read7|        scalar|
|p_read8       |   in|   16|     ap_none|                                                         p_read8|        scalar|
|p_read9       |   in|   16|     ap_none|                                                         p_read9|        scalar|
|p_read10      |   in|   16|     ap_none|                                                        p_read10|        scalar|
|p_read11      |   in|   16|     ap_none|                                                        p_read11|        scalar|
|p_read12      |   in|   16|     ap_none|                                                        p_read12|        scalar|
|p_read13      |   in|   16|     ap_none|                                                        p_read13|        scalar|
|p_read14      |   in|   16|     ap_none|                                                        p_read14|        scalar|
|p_read15      |   in|   16|     ap_none|                                                        p_read15|        scalar|
|p_read16      |   in|   16|     ap_none|                                                        p_read16|        scalar|
|p_read17      |   in|   16|     ap_none|                                                        p_read17|        scalar|
|p_read18      |   in|   16|     ap_none|                                                        p_read18|        scalar|
|p_read19      |   in|   16|     ap_none|                                                        p_read19|        scalar|
|p_read20      |   in|   16|     ap_none|                                                        p_read20|        scalar|
|p_read21      |   in|   16|     ap_none|                                                        p_read21|        scalar|
|p_read22      |   in|   16|     ap_none|                                                        p_read22|        scalar|
|p_read23      |   in|   16|     ap_none|                                                        p_read23|        scalar|
|p_read24      |   in|   16|     ap_none|                                                        p_read24|        scalar|
|p_read25      |   in|   16|     ap_none|                                                        p_read25|        scalar|
|p_read26      |   in|   16|     ap_none|                                                        p_read26|        scalar|
|p_read27      |   in|   16|     ap_none|                                                        p_read27|        scalar|
|p_read28      |   in|   16|     ap_none|                                                        p_read28|        scalar|
|p_read29      |   in|   16|     ap_none|                                                        p_read29|        scalar|
|p_read30      |   in|   16|     ap_none|                                                        p_read30|        scalar|
|p_read31      |   in|   16|     ap_none|                                                        p_read31|        scalar|
|p_read32      |   in|   16|     ap_none|                                                        p_read32|        scalar|
|p_read33      |   in|   16|     ap_none|                                                        p_read33|        scalar|
|p_read34      |   in|   16|     ap_none|                                                        p_read34|        scalar|
|p_read35      |   in|   16|     ap_none|                                                        p_read35|        scalar|
|p_read36      |   in|   16|     ap_none|                                                        p_read36|        scalar|
|p_read37      |   in|   16|     ap_none|                                                        p_read37|        scalar|
|p_read38      |   in|   16|     ap_none|                                                        p_read38|        scalar|
+--------------+-----+-----+------------+----------------------------------------------------------------+--------------+

